warning: method `gen_castling` is never used
   --> src/board.rs:923:8
    |
389 | impl Board {
    | ---------- method in this implementation
...
923 |     fn gen_castling(&self, moves: &mut...
    |        ^^^^^^^^^^^^
    |
    = note: `#[warn(dead_code)]` (part of `#[warn(unused)]`) on by default

warning: function `byte_from_piece` is never used
  --> src/fen.rs:45:4
   |
45 | fn byte_from_piece(p: Piece) -> u8 {
   |    ^^^^^^^^^^^^^^^

warning: `turbochess-rs` (lib) generated 2 warnings
   Compiling turbochess-rs v0.1.0 (/Users/ais/Projects/turbochess-rs)
    Finished `bench` profile [optimized] target(s) in 2.65s
     Running benches/vs_libraries/main.rs (target/release/deps/vs_libraries-a94bb91316a687ec)
Gnuplot not found, using plotters backend
Benchmarking vs_libraries/startpos/legal_moves/turbochess
Benchmarking vs_libraries/startpos/legal_moves/turbochess: Warming up for 1.0000 s
Benchmarking vs_libraries/startpos/legal_moves/turbochess: Collecting 10 samples in estimated 1.0000 s (13M iterations)
Benchmarking vs_libraries/startpos/legal_moves/turbochess: Analyzing
vs_libraries/startpos/legal_moves/turbochess
                        time:   [76.480 ns 76.910 ns 77.176 ns]
                        thrpt:  [259.15 Melem/s 260.04 Melem/s 261.51 Melem/s]
                 change:
                        time:   [+12.320% +12.808% +13.297%] (p = 0.00 < 0.05)
                        thrpt:  [-11.736% -11.354% -10.969%]
                        Performance has regressed.
Found 2 outliers among 10 measurements (20.00%)
  2 (20.00%) high mild
Benchmarking vs_libraries/startpos/legal_moves/shakmaty
Benchmarking vs_libraries/startpos/legal_moves/shakmaty: Warming up for 1.0000 s
Benchmarking vs_libraries/startpos/legal_moves/shakmaty: Collecting 10 samples in estimated 1.0000 s (16M iterations)
Benchmarking vs_libraries/startpos/legal_moves/shakmaty: Analyzing
vs_libraries/startpos/legal_moves/shakmaty
                        time:   [61.728 ns 61.975 ns 62.118 ns]
                        thrpt:  [321.97 Melem/s 322.71 Melem/s 324.00 Melem/s]
                 change:
                        time:   [-4.3602% -3.7423% -3.0941%] (p = 0.00 < 0.05)
                        thrpt:  [+3.1929% +3.8878% +4.5590%]
                        Performance has improved.
Found 3 outliers among 10 measurements (30.00%)
  1 (10.00%) low severe
  1 (10.00%) low mild
  1 (10.00%) high severe
Benchmarking vs_libraries/startpos/legal_moves/cozy-chess
Benchmarking vs_libraries/startpos/legal_moves/cozy-chess: Warming up for 1.0000 s
Benchmarking vs_libraries/startpos/legal_moves/cozy-chess: Collecting 10 samples in estimated 1.0000 s (4.9M iterations)
Benchmarking vs_libraries/startpos/legal_moves/cozy-chess: Analyzing
vs_libraries/startpos/legal_moves/cozy-chess
                        time:   [203.51 ns 208.04 ns 213.74 ns]
                        thrpt:  [93.570 Melem/s 96.135 Melem/s 98.274 Melem/s]
                 change:
                        time:   [+14.779% +16.471% +19.057%] (p = 0.00 < 0.05)
                        thrpt:  [-16.007% -14.142% -12.876%]
                        Performance has regressed.
Found 2 outliers among 10 measurements (20.00%)
  1 (10.00%) high mild
  1 (10.00%) high severe
Benchmarking vs_libraries/startpos/perft_d3_bulk/turbochess
Benchmarking vs_libraries/startpos/perft_d3_bulk/turbochess: Warming up for 1.0000 s
Benchmarking vs_libraries/startpos/perft_d3_bulk/turbochess: Collecting 10 samples in estimated 1.0012 s (20k iterations)
Benchmarking vs_libraries/startpos/perft_d3_bulk/turbochess: Analyzing
vs_libraries/startpos/perft_d3_bulk/turbochess
                        time:   [49.363 µs 49.577 µs 49.961 µs]
                        thrpt:  [178.18 Melem/s 179.56 Melem/s 180.34 Melem/s]
                 change:
                        time:   [+23.449% +25.505% +28.227%] (p = 0.00 < 0.05)
                        thrpt:  [-22.013% -20.322% -18.995%]
                        Performance has regressed.
Found 1 outliers among 10 measurements (10.00%)
  1 (10.00%) high mild
Benchmarking vs_libraries/startpos/perft_d3_bulk/shakmaty
Benchmarking vs_libraries/startpos/perft_d3_bulk/shakmaty: Warming up for 1.0000 s
Benchmarking vs_libraries/startpos/perft_d3_bulk/shakmaty: Collecting 10 samples in estimated 1.0016 s (19k iterations)
Benchmarking vs_libraries/startpos/perft_d3_bulk/shakmaty: Analyzing
vs_libraries/startpos/perft_d3_bulk/shakmaty
                        time:   [52.469 µs 53.894 µs 55.787 µs]
                        thrpt:  [159.57 Melem/s 165.17 Melem/s 169.66 Melem/s]
                 change:
                        time:   [+0.5278% +1.7982% +4.3948%] (p = 0.04 < 0.05)
                        thrpt:  [-4.2098% -1.7664% -0.5250%]
                        Change within noise threshold.
Found 1 outliers among 10 measurements (10.00%)
  1 (10.00%) high severe
Benchmarking vs_libraries/startpos/perft_d3_bulk/cozy-chess
Benchmarking vs_libraries/startpos/perft_d3_bulk/cozy-chess: Warming up for 1.0000 s
Benchmarking vs_libraries/startpos/perft_d3_bulk/cozy-chess: Collecting 10 samples in estimated 1.0019 s (8470 iterations)
Benchmarking vs_libraries/startpos/perft_d3_bulk/cozy-chess: Analyzing
vs_libraries/startpos/perft_d3_bulk/cozy-chess
                        time:   [102.64 µs 103.89 µs 104.80 µs]
                        thrpt:  [84.945 Melem/s 85.690 Melem/s 86.728 Melem/s]
                 change:
                        time:   [+14.211% +15.172% +16.221%] (p = 0.00 < 0.05)
                        thrpt:  [-13.957% -13.173% -12.443%]
                        Performance has regressed.
Benchmarking vs_libraries/startpos/perft_d2_nonbulk/turbochess
Benchmarking vs_libraries/startpos/perft_d2_nonbulk/turbochess: Warming up for 1.0000 s
Benchmarking vs_libraries/startpos/perft_d2_nonbulk/turbochess: Collecting 10 samples in estimated 1.0004 s (98k iterations)
Benchmarking vs_libraries/startpos/perft_d2_nonbulk/turbochess: Analyzing
vs_libraries/startpos/perft_d2_nonbulk/turbochess
                        time:   [10.169 µs 10.175 µs 10.180 µs]
                        thrpt:  [39.292 Melem/s 39.314 Melem/s 39.335 Melem/s]
                 change:
                        time:   [+47.183% +47.347% +47.494%] (p = 0.00 < 0.05)
                        thrpt:  [-32.200% -32.133% -32.057%]
                        Performance has regressed.
Found 1 outliers among 10 measurements (10.00%)
  1 (10.00%) low severe
Benchmarking vs_libraries/startpos/perft_d2_nonbulk/shakmaty
Benchmarking vs_libraries/startpos/perft_d2_nonbulk/shakmaty: Warming up for 1.0000 s
Benchmarking vs_libraries/startpos/perft_d2_nonbulk/shakmaty: Collecting 10 samples in estimated 1.0006 s (49k iterations)
Benchmarking vs_libraries/startpos/perft_d2_nonbulk/shakmaty: Analyzing
vs_libraries/startpos/perft_d2_nonbulk/shakmaty
                        time:   [20.218 µs 20.279 µs 20.421 µs]
                        thrpt:  [19.588 Melem/s 19.725 Melem/s 19.784 Melem/s]
                 change:
                        time:   [-0.1084% +0.6225% +1.5458%] (p = 0.18 > 0.05)
                        thrpt:  [-1.5223% -0.6187% +0.1086%]
                        No change in performance detected.
Found 1 outliers among 10 measurements (10.00%)
  1 (10.00%) high mild
Benchmarking vs_libraries/startpos/perft_d2_nonbulk/cozy-chess
Benchmarking vs_libraries/startpos/perft_d2_nonbulk/cozy-chess: Warming up for 1.0000 s
Benchmarking vs_libraries/startpos/perft_d2_nonbulk/cozy-chess: Collecting 10 samples in estimated 1.0001 s (88k iterations)
Benchmarking vs_libraries/startpos/perft_d2_nonbulk/cozy-chess: Analyzing
vs_libraries/startpos/perft_d2_nonbulk/cozy-chess
                        time:   [13.091 µs 14.412 µs 15.546 µs]
                        thrpt:  [25.730 Melem/s 27.755 Melem/s 30.555 Melem/s]
                 change:
                        time:   [+19.652% +25.109% +32.162%] (p = 0.00 < 0.05)
                        thrpt:  [-24.335% -20.070% -16.424%]
                        Performance has regressed.
Found 1 outliers among 10 measurements (10.00%)
  1 (10.00%) high severe
Benchmarking vs_libraries/startpos/board_copy/turbochess
Benchmarking vs_libraries/startpos/board_copy/turbochess: Warming up for 1.0000 s
Benchmarking vs_libraries/startpos/board_copy/turbochess: Collecting 10 samples in estimated 1.0000 s (4.8M iterations)
Benchmarking vs_libraries/startpos/board_copy/turbochess: Analyzing
vs_libraries/startpos/board_copy/turbochess
                        time:   [197.68 ns 198.33 ns 199.42 ns]
                        thrpt:  [2.0058 Gelem/s 2.0168 Gelem/s 2.0235 Gelem/s]
                 change:
                        time:   [-54.037% -53.620% -53.159%] (p = 0.00 < 0.05)
                        thrpt:  [+113.49% +115.61% +117.57%]
                        Performance has improved.
Benchmarking vs_libraries/startpos/board_copy/shakmaty
Benchmarking vs_libraries/startpos/board_copy/shakmaty: Warming up for 1.0000 s
Benchmarking vs_libraries/startpos/board_copy/shakmaty: Collecting 10 samples in estimated 1.0000 s (4.8M iterations)
Benchmarking vs_libraries/startpos/board_copy/shakmaty: Analyzing
vs_libraries/startpos/board_copy/shakmaty
                        time:   [200.75 ns 203.65 ns 208.89 ns]
                        thrpt:  [1.9149 Gelem/s 1.9641 Gelem/s 1.9925 Gelem/s]
                 change:
                        time:   [-0.6244% +0.3537% +2.1496%] (p = 0.75 > 0.05)
                        thrpt:  [-2.1044% -0.3524% +0.6283%]
                        No change in performance detected.
Found 2 outliers among 10 measurements (20.00%)
  1 (10.00%) high mild
  1 (10.00%) high severe
Benchmarking vs_libraries/startpos/board_copy/cozy-chess
Benchmarking vs_libraries/startpos/board_copy/cozy-chess: Warming up for 1.0000 s
Benchmarking vs_libraries/startpos/board_copy/cozy-chess: Collecting 10 samples in estimated 1.0000 s (4.4M iterations)
Benchmarking vs_libraries/startpos/board_copy/cozy-chess: Analyzing
vs_libraries/startpos/board_copy/cozy-chess
                        time:   [223.09 ns 226.38 ns 228.66 ns]
                        thrpt:  [1.7494 Gelem/s 1.7669 Gelem/s 1.7930 Gelem/s]
                 change:
                        time:   [-2.5304% -0.9450% +0.5666%] (p = 0.28 > 0.05)
                        thrpt:  [-0.5634% +0.9540% +2.5961%]
                        No change in performance detected.
Benchmarking vs_libraries/startpos/make_move/turbochess
Benchmarking vs_libraries/startpos/make_move/turbochess: Warming up for 1.0000 s
Benchmarking vs_libraries/startpos/make_move/turbochess: Collecting 10 samples in estimated 1.0000 s (2.4M iterations)
Benchmarking vs_libraries/startpos/make_move/turbochess: Analyzing
vs_libraries/startpos/make_move/turbochess
                        time:   [410.06 ns 421.42 ns 443.16 ns]
                        thrpt:  [902.61 Melem/s 949.18 Melem/s 975.46 Melem/s]
                 change:
                        time:   [+76.592% +84.800% +98.780%] (p = 0.00 < 0.05)
                        thrpt:  [-49.693% -45.887% -43.372%]
                        Performance has regressed.
Found 1 outliers among 10 measurements (10.00%)
  1 (10.00%) high severe
Benchmarking vs_libraries/startpos/make_move/shakmaty
Benchmarking vs_libraries/startpos/make_move/shakmaty: Warming up for 1.0000 s
Benchmarking vs_libraries/startpos/make_move/shakmaty: Collecting 10 samples in estimated 1.0000 s (1.2M iterations)
Benchmarking vs_libraries/startpos/make_move/shakmaty: Analyzing
vs_libraries/startpos/make_move/shakmaty
                        time:   [814.68 ns 817.07 ns 821.11 ns]
                        thrpt:  [487.14 Melem/s 489.55 Melem/s 490.99 Melem/s]
                 change:
                        time:   [-0.0926% +0.5001% +1.0715%] (p = 0.13 > 0.05)
                        thrpt:  [-1.0602% -0.4977% +0.0927%]
                        No change in performance detected.
Benchmarking vs_libraries/startpos/make_move/cozy-chess
Benchmarking vs_libraries/startpos/make_move/cozy-chess: Warming up for 1.0000 s
Benchmarking vs_libraries/startpos/make_move/cozy-chess: Collecting 10 samples in estimated 1.0000 s (3.1M iterations)
Benchmarking vs_libraries/startpos/make_move/cozy-chess: Analyzing
vs_libraries/startpos/make_move/cozy-chess
                        time:   [322.15 ns 322.70 ns 323.17 ns]
                        thrpt:  [1.2377 Gelem/s 1.2395 Gelem/s 1.2416 Gelem/s]
                 change:
                        time:   [+1.0870% +1.4098% +1.6936%] (p = 0.00 < 0.05)
                        thrpt:  [-1.6654% -1.3902% -1.0753%]
                        Performance has regressed.
Found 1 outliers among 10 measurements (10.00%)
  1 (10.00%) low mild
Benchmarking vs_libraries/startpos/fen_parse/turbochess
Benchmarking vs_libraries/startpos/fen_parse/turbochess: Warming up for 1.0000 s
Benchmarking vs_libraries/startpos/fen_parse/turbochess: Collecting 10 samples in estimated 1.0000 s (2.5M iterations)
Benchmarking vs_libraries/startpos/fen_parse/turbochess: Analyzing
vs_libraries/startpos/fen_parse/turbochess
                        time:   [396.48 ns 402.33 ns 413.70 ns]
                        thrpt:  [966.88 Melem/s 994.22 Melem/s 1.0089 Gelem/s]
                 change:
                        time:   [+7.1137% +8.6340% +10.395%] (p = 0.00 < 0.05)
                        thrpt:  [-9.4165% -7.9478% -6.6413%]
                        Performance has regressed.
Found 1 outliers among 10 measurements (10.00%)
  1 (10.00%) high severe
Benchmarking vs_libraries/startpos/fen_parse/shakmaty
Benchmarking vs_libraries/startpos/fen_parse/shakmaty: Warming up for 1.0000 s
Benchmarking vs_libraries/startpos/fen_parse/shakmaty: Collecting 10 samples in estimated 1.0000 s (5.3M iterations)
Benchmarking vs_libraries/startpos/fen_parse/shakmaty: Analyzing
vs_libraries/startpos/fen_parse/shakmaty
                        time:   [184.08 ns 184.37 ns 185.00 ns]
                        thrpt:  [2.1622 Gelem/s 2.1695 Gelem/s 2.1730 Gelem/s]
                 change:
                        time:   [-3.0961% -2.7045% -2.2511%] (p = 0.00 < 0.05)
                        thrpt:  [+2.3030% +2.7796% +3.1951%]
                        Performance has improved.
Found 1 outliers among 10 measurements (10.00%)
  1 (10.00%) high mild
Benchmarking vs_libraries/startpos/fen_parse/cozy-chess
Benchmarking vs_libraries/startpos/fen_parse/cozy-chess: Warming up for 1.0000 s
Benchmarking vs_libraries/startpos/fen_parse/cozy-chess: Collecting 10 samples in estimated 1.0000 s (4.2M iterations)
Benchmarking vs_libraries/startpos/fen_parse/cozy-chess: Analyzing
vs_libraries/startpos/fen_parse/cozy-chess
                        time:   [234.90 ns 236.38 ns 237.65 ns]
                        thrpt:  [1.6831 Gelem/s 1.6922 Gelem/s 1.7029 Gelem/s]
                 change:
                        time:   [+4.2813% +4.9260% +5.6627%] (p = 0.00 < 0.05)
                        thrpt:  [-5.3592% -4.6947% -4.1055%]
                        Performance has regressed.
Found 1 outliers among 10 measurements (10.00%)
  1 (10.00%) high mild
Benchmarking vs_libraries/startpos/fen_format/turbochess
Benchmarking vs_libraries/startpos/fen_format/turbochess: Warming up for 1.0000 s
Benchmarking vs_libraries/startpos/fen_format/turbochess: Collecting 10 samples in estimated 1.0000 s (9.7M iterations)
Benchmarking vs_libraries/startpos/fen_format/turbochess: Analyzing
vs_libraries/startpos/fen_format/turbochess
                        time:   [100.16 ns 101.67 ns 103.32 ns]
                        thrpt:  [3.8713 Gelem/s 3.9342 Gelem/s 3.9935 Gelem/s]
                 change:
                        time:   [-29.981% -29.377% -28.593%] (p = 0.00 < 0.05)
                        thrpt:  [+40.042% +41.596% +42.818%]
                        Performance has improved.
Found 1 outliers among 10 measurements (10.00%)
  1 (10.00%) high severe
Benchmarking vs_libraries/startpos/fen_format/shakmaty
Benchmarking vs_libraries/startpos/fen_format/shakmaty: Warming up for 1.0000 s
Benchmarking vs_libraries/startpos/fen_format/shakmaty: Collecting 10 samples in estimated 1.0000 s (3.4M iterations)
Benchmarking vs_libraries/startpos/fen_format/shakmaty: Analyzing
vs_libraries/startpos/fen_format/shakmaty
                        time:   [289.71 ns 293.32 ns 300.18 ns]
                        thrpt:  [1.3325 Gelem/s 1.3637 Gelem/s 1.3807 Gelem/s]
                 change:
                        time:   [+8.0059% +9.1344% +10.694%] (p = 0.00 < 0.05)
                        thrpt:  [-9.6609% -8.3698% -7.4125%]
                        Performance has regressed.
Found 1 outliers among 10 measurements (10.00%)
  1 (10.00%) high severe
Benchmarking vs_libraries/startpos/san_parse/turbochess
Benchmarking vs_libraries/startpos/san_parse/turbochess: Warming up for 1.0000 s
Benchmarking vs_libraries/startpos/san_parse/turbochess: Collecting 10 samples in estimated 1.0000 s (332k iterations)
Benchmarking vs_libraries/startpos/san_parse/turbochess: Analyzing
vs_libraries/startpos/san_parse/turbochess
                        time:   [3.0045 µs 3.0299 µs 3.0561 µs]
                        thrpt:  [130.89 Melem/s 132.02 Melem/s 133.14 Melem/s]
                 change:
                        time:   [+26.251% +27.097% +28.085%] (p = 0.00 < 0.05)
                        thrpt:  [-21.927% -21.320% -20.792%]
                        Performance has regressed.
Found 1 outliers among 10 measurements (10.00%)
  1 (10.00%) high mild
Benchmarking vs_libraries/startpos/san_parse/shakmaty
Benchmarking vs_libraries/startpos/san_parse/shakmaty: Warming up for 1.0000 s
Benchmarking vs_libraries/startpos/san_parse/shakmaty: Collecting 10 samples in estimated 1.0000 s (1.3M iterations)
Benchmarking vs_libraries/startpos/san_parse/shakmaty: Analyzing
vs_libraries/startpos/san_parse/shakmaty
                        time:   [743.31 ns 747.24 ns 756.15 ns]
                        thrpt:  [529.00 Melem/s 535.31 Melem/s 538.14 Melem/s]
                 change:
                        time:   [-4.2997% -3.3480% -2.2752%] (p = 0.00 < 0.05)
                        thrpt:  [+2.3282% +3.4640% +4.4929%]
                        Performance has improved.
Benchmarking vs_libraries/startpos/san_render/turbochess
Benchmarking vs_libraries/startpos/san_render/turbochess: Warming up for 1.0000 s
Benchmarking vs_libraries/startpos/san_render/turbochess: Collecting 10 samples in estimated 1.0000 s (845k iterations)
Benchmarking vs_libraries/startpos/san_render/turbochess: Analyzing
vs_libraries/startpos/san_render/turbochess
                        time:   [1.1865 µs 1.2065 µs 1.2403 µs]
                        thrpt:  [322.49 Melem/s 331.55 Melem/s 337.13 Melem/s]
                 change:
                        time:   [-43.012% -42.415% -41.520%] (p = 0.00 < 0.05)
                        thrpt:  [+70.999% +73.656% +75.476%]
                        Performance has improved.
Found 1 outliers among 10 measurements (10.00%)
  1 (10.00%) high severe
Benchmarking vs_libraries/startpos/san_render/shakmaty
Benchmarking vs_libraries/startpos/san_render/shakmaty: Warming up for 1.0000 s
Benchmarking vs_libraries/startpos/san_render/shakmaty: Collecting 10 samples in estimated 1.0001 s (604k iterations)
Benchmarking vs_libraries/startpos/san_render/shakmaty: Analyzing
vs_libraries/startpos/san_render/shakmaty
                        time:   [1.6543 µs 1.6625 µs 1.6671 µs]
                        thrpt:  [239.94 Melem/s 240.60 Melem/s 241.79 Melem/s]
                 change:
                        time:   [-0.6423% -0.1078% +0.4611%] (p = 0.72 > 0.05)
                        thrpt:  [-0.4590% +0.1079% +0.6465%]
                        No change in performance detected.
Benchmarking vs_libraries/startpos/zobrist_scratch/turbochess
Benchmarking vs_libraries/startpos/zobrist_scratch/turbochess: Warming up for 1.0000 s
Benchmarking vs_libraries/startpos/zobrist_scratch/turbochess: Collecting 10 samples in estimated 1.0000 s (60M iterations)
Benchmarking vs_libraries/startpos/zobrist_scratch/turbochess: Analyzing
vs_libraries/startpos/zobrist_scratch/turbochess
                        time:   [16.029 ns 16.119 ns 16.220 ns]
                        thrpt:  [24.662 Gelem/s 24.815 Gelem/s 24.955 Gelem/s]
                 change:
                        time:   [+0.3580% +0.8238% +1.2071%] (p = 0.00 < 0.05)
                        thrpt:  [-1.1927% -0.8171% -0.3567%]
                        Change within noise threshold.
Benchmarking vs_libraries/startpos/zobrist_scratch/shakmaty
Benchmarking vs_libraries/startpos/zobrist_scratch/shakmaty: Warming up for 1.0000 s
Benchmarking vs_libraries/startpos/zobrist_scratch/shakmaty: Collecting 10 samples in estimated 1.0000 s (55M iterations)
Benchmarking vs_libraries/startpos/zobrist_scratch/shakmaty: Analyzing
vs_libraries/startpos/zobrist_scratch/shakmaty
                        time:   [17.588 ns 17.628 ns 17.685 ns]
                        thrpt:  [22.618 Gelem/s 22.692 Gelem/s 22.742 Gelem/s]
                 change:
                        time:   [-0.0725% +0.2494% +0.5617%] (p = 0.18 > 0.05)
                        thrpt:  [-0.5585% -0.2488% +0.0725%]
                        No change in performance detected.
Benchmarking vs_libraries/startpos/zobrist_incremental/turbochess
Benchmarking vs_libraries/startpos/zobrist_incremental/turbochess: Warming up for 1.0000 s
Benchmarking vs_libraries/startpos/zobrist_incremental/turbochess: Collecting 10 samples in estimated 1.0000 s (2.4M iterations)
Benchmarking vs_libraries/startpos/zobrist_incremental/turbochess: Analyzing
vs_libraries/startpos/zobrist_incremental/turbochess
                        time:   [403.36 ns 407.28 ns 415.52 ns]
                        thrpt:  [962.65 Melem/s 982.11 Melem/s 991.67 Melem/s]
                 change:
                        time:   [+73.065% +74.863% +77.434%] (p = 0.00 < 0.05)
                        thrpt:  [-43.641% -42.812% -42.218%]
                        Performance has regressed.
Found 2 outliers among 10 measurements (20.00%)
  1 (10.00%) high mild
  1 (10.00%) high severe
Benchmarking vs_libraries/startpos/zobrist_incremental/shakmaty
Benchmarking vs_libraries/startpos/zobrist_incremental/shakmaty: Warming up for 1.0000 s
Benchmarking vs_libraries/startpos/zobrist_incremental/shakmaty: Collecting 10 samples in estimated 1.0000 s (767k iterations)
Benchmarking vs_libraries/startpos/zobrist_incremental/shakmaty: Analyzing
vs_libraries/startpos/zobrist_incremental/shakmaty
                        time:   [1.2808 µs 1.2857 µs 1.2922 µs]
                        thrpt:  [309.54 Melem/s 311.12 Melem/s 312.30 Melem/s]
                 change:
                        time:   [+0.9413% +1.9960% +3.3823%] (p = 0.01 < 0.05)
                        thrpt:  [-3.2717% -1.9569% -0.9326%]
                        Change within noise threshold.
Found 1 outliers among 10 measurements (10.00%)
  1 (10.00%) high severe
Benchmarking vs_libraries/startpos/zobrist_incremental/cozy-chess
Benchmarking vs_libraries/startpos/zobrist_incremental/cozy-chess: Warming up for 1.0000 s
Benchmarking vs_libraries/startpos/zobrist_incremental/cozy-chess: Collecting 10 samples in estimated 1.0000 s (3.4M iterations)
Benchmarking vs_libraries/startpos/zobrist_incremental/cozy-chess: Analyzing
vs_libraries/startpos/zobrist_incremental/cozy-chess
                        time:   [291.02 ns 292.63 ns 293.40 ns]
                        thrpt:  [1.3633 Gelem/s 1.3669 Gelem/s 1.3745 Gelem/s]
                 change:
                        time:   [-1.1411% -0.6944% -0.1554%] (p = 0.02 < 0.05)
                        thrpt:  [+0.1556% +0.6993% +1.1542%]
                        Change within noise threshold.

Benchmarking vs_libraries/kiwipete/legal_moves/turbochess
Benchmarking vs_libraries/kiwipete/legal_moves/turbochess: Warming up for 1.0000 s
Benchmarking vs_libraries/kiwipete/legal_moves/turbochess: Collecting 10 samples in estimated 1.0000 s (9.8M iterations)
Benchmarking vs_libraries/kiwipete/legal_moves/turbochess: Analyzing
vs_libraries/kiwipete/legal_moves/turbochess
                        time:   [96.922 ns 97.851 ns 99.070 ns]
                        thrpt:  [484.50 Melem/s 490.54 Melem/s 495.25 Melem/s]
                 change:
                        time:   [+6.7308% +7.4464% +8.2987%] (p = 0.00 < 0.05)
                        thrpt:  [-7.6628% -6.9303% -6.3063%]
                        Performance has regressed.
Found 2 outliers among 10 measurements (20.00%)
  1 (10.00%) high mild
  1 (10.00%) high severe
Benchmarking vs_libraries/kiwipete/legal_moves/shakmaty
Benchmarking vs_libraries/kiwipete/legal_moves/shakmaty: Warming up for 1.0000 s
Benchmarking vs_libraries/kiwipete/legal_moves/shakmaty: Collecting 10 samples in estimated 1.0000 s (6.2M iterations)
Benchmarking vs_libraries/kiwipete/legal_moves/shakmaty: Analyzing
vs_libraries/kiwipete/legal_moves/shakmaty
                        time:   [162.72 ns 164.55 ns 167.66 ns]
                        thrpt:  [286.29 Melem/s 291.70 Melem/s 294.98 Melem/s]
                 change:
                        time:   [-0.4104% +0.8271% +2.7399%] (p = 0.42 > 0.05)
                        thrpt:  [-2.6669% -0.8203% +0.4121%]
                        No change in performance detected.
Found 1 outliers among 10 measurements (10.00%)
  1 (10.00%) high severe
Benchmarking vs_libraries/kiwipete/legal_moves/cozy-chess
Benchmarking vs_libraries/kiwipete/legal_moves/cozy-chess: Warming up for 1.0000 s
Benchmarking vs_libraries/kiwipete/legal_moves/cozy-chess: Collecting 10 samples in estimated 1.0000 s (3.3M iterations)
Benchmarking vs_libraries/kiwipete/legal_moves/cozy-chess: Analyzing
vs_libraries/kiwipete/legal_moves/cozy-chess
                        time:   [286.91 ns 287.38 ns 287.82 ns]
                        thrpt:  [166.77 Melem/s 167.03 Melem/s 167.30 Melem/s]
                 change:
                        time:   [-2.5998% -2.0973% -1.5823%] (p = 0.00 < 0.05)
                        thrpt:  [+1.6078% +2.1422% +2.6692%]
                        Performance has improved.
Found 1 outliers among 10 measurements (10.00%)
  1 (10.00%) high mild
Benchmarking vs_libraries/kiwipete/perft_d3_bulk/turbochess
Benchmarking vs_libraries/kiwipete/perft_d3_bulk/turbochess: Warming up for 1.0000 s
Benchmarking vs_libraries/kiwipete/perft_d3_bulk/turbochess: Collecting 10 samples in estimated 1.0009 s (2970 iterations)
Benchmarking vs_libraries/kiwipete/perft_d3_bulk/turbochess: Analyzing
vs_libraries/kiwipete/perft_d3_bulk/turbochess
                        time:   [328.61 µs 331.61 µs 335.26 µs]
                        thrpt:  [291.90 Melem/s 295.11 Melem/s 297.81 Melem/s]
                 change:
                        time:   [+16.900% +17.734% +18.658%] (p = 0.00 < 0.05)
                        thrpt:  [-15.724% -15.063% -14.457%]
                        Performance has regressed.
Benchmarking vs_libraries/kiwipete/perft_d3_bulk/shakmaty
Benchmarking vs_libraries/kiwipete/perft_d3_bulk/shakmaty: Warming up for 1.0000 s
Benchmarking vs_libraries/kiwipete/perft_d3_bulk/shakmaty: Collecting 10 samples in estimated 1.0027 s (2035 iterations)
Benchmarking vs_libraries/kiwipete/perft_d3_bulk/shakmaty: Analyzing
vs_libraries/kiwipete/perft_d3_bulk/shakmaty
                        time:   [469.46 µs 471.75 µs 473.68 µs]
                        thrpt:  [206.60 Melem/s 207.44 Melem/s 208.46 Melem/s]
                 change:
                        time:   [+1.0133% +1.6138% +2.2586%] (p = 0.00 < 0.05)
                        thrpt:  [-2.2088% -1.5882% -1.0031%]
                        Performance has regressed.
Benchmarking vs_libraries/kiwipete/perft_d3_bulk/cozy-chess
Benchmarking vs_libraries/kiwipete/perft_d3_bulk/cozy-chess: Warming up for 1.0000 s
Benchmarking vs_libraries/kiwipete/perft_d3_bulk/cozy-chess: Collecting 10 samples in estimated 1.0043 s (1375 iterations)
Benchmarking vs_libraries/kiwipete/perft_d3_bulk/cozy-chess: Analyzing
vs_libraries/kiwipete/perft_d3_bulk/cozy-chess
                        time:   [728.67 µs 741.96 µs 754.82 µs]
                        thrpt:  [129.65 Melem/s 131.90 Melem/s 134.30 Melem/s]
                 change:
                        time:   [+9.5450% +10.928% +12.461%] (p = 0.00 < 0.05)
                        thrpt:  [-11.080% -9.8513% -8.7133%]
                        Performance has regressed.
Found 1 outliers among 10 measurements (10.00%)
  1 (10.00%) high mild
Benchmarking vs_libraries/kiwipete/perft_d2_nonbulk/turbochess
Benchmarking vs_libraries/kiwipete/perft_d2_nonbulk/turbochess: Warming up for 1.0000 s
Benchmarking vs_libraries/kiwipete/perft_d2_nonbulk/turbochess: Collecting 10 samples in estimated 1.0007 s (19k iterations)
Benchmarking vs_libraries/kiwipete/perft_d2_nonbulk/turbochess: Analyzing
vs_libraries/kiwipete/perft_d2_nonbulk/turbochess
                        time:   [51.603 µs 51.868 µs 52.156 µs]
                        thrpt:  [39.094 Melem/s 39.311 Melem/s 39.513 Melem/s]
                 change:
                        time:   [+37.107% +37.956% +38.894%] (p = 0.00 < 0.05)
                        thrpt:  [-28.002% -27.513% -27.065%]
                        Performance has regressed.
Benchmarking vs_libraries/kiwipete/perft_d2_nonbulk/shakmaty
Benchmarking vs_libraries/kiwipete/perft_d2_nonbulk/shakmaty: Warming up for 1.0000 s
Benchmarking vs_libraries/kiwipete/perft_d2_nonbulk/shakmaty: Collecting 10 samples in estimated 1.0047 s (10k iterations)
Benchmarking vs_libraries/kiwipete/perft_d2_nonbulk/shakmaty: Analyzing
vs_libraries/kiwipete/perft_d2_nonbulk/shakmaty
                        time:   [99.678 µs 101.51 µs 104.14 µs]
                        thrpt:  [19.579 Melem/s 20.087 Melem/s 20.456 Melem/s]
                 change:
                        time:   [+0.9721% +7.6437% +20.646%] (p = 0.19 > 0.05)
                        thrpt:  [-17.113% -7.1010% -0.9627%]
                        No change in performance detected.
Found 2 outliers among 10 measurements (20.00%)
  1 (10.00%) high mild
  1 (10.00%) high severe
Benchmarking vs_libraries/kiwipete/perft_d2_nonbulk/cozy-chess
Benchmarking vs_libraries/kiwipete/perft_d2_nonbulk/cozy-chess: Warming up for 1.0000 s
Benchmarking vs_libraries/kiwipete/perft_d2_nonbulk/cozy-chess: Collecting 10 samples in estimated 1.0007 s (19k iterations)
Benchmarking vs_libraries/kiwipete/perft_d2_nonbulk/cozy-chess: Analyzing
vs_libraries/kiwipete/perft_d2_nonbulk/cozy-chess
                        time:   [72.134 µs 73.022 µs 74.018 µs]
                        thrpt:  [27.548 Melem/s 27.923 Melem/s 28.267 Melem/s]
                 change:
                        time:   [+41.822% +43.413% +45.888%] (p = 0.00 < 0.05)
                        thrpt:  [-31.454% -30.271% -29.489%]
                        Performance has regressed.
Found 2 outliers among 10 measurements (20.00%)
  1 (10.00%) high mild
  1 (10.00%) high severe
Benchmarking vs_libraries/kiwipete/board_copy/turbochess
Benchmarking vs_libraries/kiwipete/board_copy/turbochess: Warming up for 1.0000 s
Benchmarking vs_libraries/kiwipete/board_copy/turbochess: Collecting 10 samples in estimated 1.0000 s (5.0M iterations)
Benchmarking vs_libraries/kiwipete/board_copy/turbochess: Analyzing
vs_libraries/kiwipete/board_copy/turbochess
                        time:   [198.44 ns 201.69 ns 209.12 ns]
                        thrpt:  [9.7503 Gelem/s 10.109 Gelem/s 10.275 Gelem/s]
                 change:
                        time:   [-54.098% -53.426% -52.330%] (p = 0.00 < 0.05)
                        thrpt:  [+109.77% +114.71% +117.85%]
                        Performance has improved.
Found 2 outliers among 10 measurements (20.00%)
  2 (20.00%) high severe
Benchmarking vs_libraries/kiwipete/board_copy/shakmaty
Benchmarking vs_libraries/kiwipete/board_copy/shakmaty: Warming up for 1.0000 s
Benchmarking vs_libraries/kiwipete/board_copy/shakmaty: Collecting 10 samples in estimated 1.0000 s (4.5M iterations)
Benchmarking vs_libraries/kiwipete/board_copy/shakmaty: Analyzing
vs_libraries/kiwipete/board_copy/shakmaty
                        time:   [206.69 ns 210.83 ns 218.27 ns]
                        thrpt:  [9.3416 Gelem/s 9.6715 Gelem/s 9.8651 Gelem/s]
                 change:
                        time:   [+2.3130% +13.955% +29.098%] (p = 0.03 < 0.05)
                        thrpt:  [-22.539% -12.246% -2.2607%]
                        Performance has regressed.
Found 2 outliers among 10 measurements (20.00%)
  1 (10.00%) high mild
  1 (10.00%) high severe
Benchmarking vs_libraries/kiwipete/board_copy/cozy-chess
Benchmarking vs_libraries/kiwipete/board_copy/cozy-chess: Warming up for 1.0000 s
Benchmarking vs_libraries/kiwipete/board_copy/cozy-chess: Collecting 10 samples in estimated 1.0000 s (4.3M iterations)
Benchmarking vs_libraries/kiwipete/board_copy/cozy-chess: Analyzing
vs_libraries/kiwipete/board_copy/cozy-chess
                        time:   [228.05 ns 236.64 ns 255.78 ns]
                        thrpt:  [7.9717 Gelem/s 8.6166 Gelem/s 8.9409 Gelem/s]
                 change:
                        time:   [+0.1126% +11.620% +31.206%] (p = 0.21 > 0.05)
                        thrpt:  [-23.784% -10.411% -0.1125%]
                        No change in performance detected.
Found 2 outliers among 10 measurements (20.00%)
  2 (20.00%) high severe
Benchmarking vs_libraries/kiwipete/make_move/turbochess
Benchmarking vs_libraries/kiwipete/make_move/turbochess: Warming up for 1.0000 s
Benchmarking vs_libraries/kiwipete/make_move/turbochess: Collecting 10 samples in estimated 1.0000 s (881k iterations)
Benchmarking vs_libraries/kiwipete/make_move/turbochess: Analyzing
vs_libraries/kiwipete/make_move/turbochess
                        time:   [1.1087 µs 1.1476 µs 1.1936 µs]
                        thrpt:  [1.7083 Gelem/s 1.7768 Gelem/s 1.8391 Gelem/s]
                 change:
                        time:   [+60.456% +63.958% +68.047%] (p = 0.00 < 0.05)
                        thrpt:  [-40.493% -39.009% -37.677%]
                        Performance has regressed.
Benchmarking vs_libraries/kiwipete/make_move/shakmaty
Benchmarking vs_libraries/kiwipete/make_move/shakmaty: Warming up for 1.0000 s
Benchmarking vs_libraries/kiwipete/make_move/shakmaty: Collecting 10 samples in estimated 1.0001 s (525k iterations)
Benchmarking vs_libraries/kiwipete/make_move/shakmaty: Analyzing
vs_libraries/kiwipete/make_move/shakmaty
                        time:   [1.8678 µs 1.8758 µs 1.8875 µs]
                        thrpt:  [1.0803 Gelem/s 1.0870 Gelem/s 1.0916 Gelem/s]
                 change:
                        time:   [+0.1915% +0.8358% +1.5363%] (p = 0.03 < 0.05)
                        thrpt:  [-1.5131% -0.8289% -0.1911%]
                        Change within noise threshold.
Found 1 outliers among 10 measurements (10.00%)
  1 (10.00%) high mild
Benchmarking vs_libraries/kiwipete/make_move/cozy-chess
Benchmarking vs_libraries/kiwipete/make_move/cozy-chess: Warming up for 1.0000 s
Benchmarking vs_libraries/kiwipete/make_move/cozy-chess: Collecting 10 samples in estimated 1.0000 s (1.2M iterations)
Benchmarking vs_libraries/kiwipete/make_move/cozy-chess: Analyzing
vs_libraries/kiwipete/make_move/cozy-chess
                        time:   [823.91 ns 842.32 ns 860.24 ns]
                        thrpt:  [2.3703 Gelem/s 2.4207 Gelem/s 2.4748 Gelem/s]
                 change:
                        time:   [+1.9047% +3.7399% +5.8252%] (p = 0.00 < 0.05)
                        thrpt:  [-5.5046% -3.6051% -1.8691%]
                        Performance has regressed.
Found 1 outliers among 10 measurements (10.00%)
  1 (10.00%) high mild
Benchmarking vs_libraries/kiwipete/fen_parse/turbochess
Benchmarking vs_libraries/kiwipete/fen_parse/turbochess: Warming up for 1.0000 s
Benchmarking vs_libraries/kiwipete/fen_parse/turbochess: Collecting 10 samples in estimated 1.0000 s (2.3M iterations)
Benchmarking vs_libraries/kiwipete/fen_parse/turbochess: Analyzing
vs_libraries/kiwipete/fen_parse/turbochess
                        time:   [430.35 ns 434.36 ns 438.45 ns]
                        thrpt:  [4.6505 Gelem/s 4.6942 Gelem/s 4.7380 Gelem/s]
                 change:
                        time:   [+5.0057% +5.7991% +6.6986%] (p = 0.00 < 0.05)
                        thrpt:  [-6.2781% -5.4813% -4.7671%]
                        Performance has regressed.
Found 1 outliers among 10 measurements (10.00%)
  1 (10.00%) high mild
Benchmarking vs_libraries/kiwipete/fen_parse/shakmaty
Benchmarking vs_libraries/kiwipete/fen_parse/shakmaty: Warming up for 1.0000 s
Benchmarking vs_libraries/kiwipete/fen_parse/shakmaty: Collecting 10 samples in estimated 1.0000 s (4.7M iterations)
Benchmarking vs_libraries/kiwipete/fen_parse/shakmaty: Analyzing
vs_libraries/kiwipete/fen_parse/shakmaty
                        time:   [208.69 ns 212.36 ns 217.59 ns]
                        thrpt:  [9.3709 Gelem/s 9.6014 Gelem/s 9.7704 Gelem/s]
                 change:
                        time:   [-4.0518% -3.0670% -1.8079%] (p = 0.00 < 0.05)
                        thrpt:  [+1.8412% +3.1640% +4.2229%]
                        Performance has improved.
Found 1 outliers among 10 measurements (10.00%)
  1 (10.00%) high severe
Benchmarking vs_libraries/kiwipete/fen_parse/cozy-chess
Benchmarking vs_libraries/kiwipete/fen_parse/cozy-chess: Warming up for 1.0000 s
Benchmarking vs_libraries/kiwipete/fen_parse/cozy-chess: Collecting 10 samples in estimated 1.0000 s (3.9M iterations)
Benchmarking vs_libraries/kiwipete/fen_parse/cozy-chess: Analyzing
vs_libraries/kiwipete/fen_parse/cozy-chess
                        time:   [253.62 ns 257.66 ns 263.69 ns]
                        thrpt:  [7.7324 Gelem/s 7.9137 Gelem/s 8.0396 Gelem/s]
                 change:
                        time:   [+6.0287% +7.1725% +8.4864%] (p = 0.00 < 0.05)
                        thrpt:  [-7.8225% -6.6925% -5.6859%]
                        Performance has regressed.
Found 1 outliers among 10 measurements (10.00%)
  1 (10.00%) high mild
Benchmarking vs_libraries/kiwipete/fen_format/turbochess
Benchmarking vs_libraries/kiwipete/fen_format/turbochess: Warming up for 1.0000 s
Benchmarking vs_libraries/kiwipete/fen_format/turbochess: Collecting 10 samples in estimated 1.0000 s (8.5M iterations)
Benchmarking vs_libraries/kiwipete/fen_format/turbochess: Analyzing
vs_libraries/kiwipete/fen_format/turbochess
                        time:   [116.12 ns 116.57 ns 117.06 ns]
                        thrpt:  [17.419 Gelem/s 17.491 Gelem/s 17.560 Gelem/s]
                 change:
                        time:   [-34.214% -33.535% -33.015%] (p = 0.00 < 0.05)
                        thrpt:  [+49.286% +50.456% +52.007%]
                        Performance has improved.
Found 1 outliers among 10 measurements (10.00%)
  1 (10.00%) low mild
Benchmarking vs_libraries/kiwipete/fen_format/shakmaty
Benchmarking vs_libraries/kiwipete/fen_format/shakmaty: Warming up for 1.0000 s
Benchmarking vs_libraries/kiwipete/fen_format/shakmaty: Collecting 10 samples in estimated 1.0000 s (2.5M iterations)
Benchmarking vs_libraries/kiwipete/fen_format/shakmaty: Analyzing
vs_libraries/kiwipete/fen_format/shakmaty
                        time:   [373.54 ns 384.40 ns 401.70 ns]
                        thrpt:  [5.0760 Gelem/s 5.3043 Gelem/s 5.4586 Gelem/s]
                 change:
                        time:   [+10.077% +12.383% +15.270%] (p = 0.00 < 0.05)
                        thrpt:  [-13.247% -11.018% -9.1547%]
                        Performance has regressed.
Found 1 outliers among 10 measurements (10.00%)
  1 (10.00%) high severe
Benchmarking vs_libraries/kiwipete/san_parse/turbochess
Benchmarking vs_libraries/kiwipete/san_parse/turbochess: Warming up for 1.0000 s
Benchmarking vs_libraries/kiwipete/san_parse/turbochess: Collecting 10 samples in estimated 1.0006 s (97k iterations)
Benchmarking vs_libraries/kiwipete/san_parse/turbochess: Analyzing
vs_libraries/kiwipete/san_parse/turbochess
                        time:   [10.038 µs 10.359 µs 10.832 µs]
                        thrpt:  [188.23 Melem/s 196.83 Melem/s 203.13 Melem/s]
                 change:
                        time:   [+29.666% +33.961% +40.336%] (p = 0.00 < 0.05)
                        thrpt:  [-28.742% -25.352% -22.879%]
                        Performance has regressed.
Found 2 outliers among 10 measurements (20.00%)
  1 (10.00%) high mild
  1 (10.00%) high severe
Benchmarking vs_libraries/kiwipete/san_parse/shakmaty
Benchmarking vs_libraries/kiwipete/san_parse/shakmaty: Warming up for 1.0000 s
Benchmarking vs_libraries/kiwipete/san_parse/shakmaty: Collecting 10 samples in estimated 1.0000 s (553k iterations)
Benchmarking vs_libraries/kiwipete/san_parse/shakmaty: Analyzing
vs_libraries/kiwipete/san_parse/shakmaty
                        time:   [1.7689 µs 1.7731 µs 1.7816 µs]
                        thrpt:  [1.1445 Gelem/s 1.1499 Gelem/s 1.1527 Gelem/s]
                 change:
                        time:   [-1.5630% -1.0591% -0.5346%] (p = 0.00 < 0.05)
                        thrpt:  [+0.5375% +1.0704% +1.5878%]
                        Change within noise threshold.
Benchmarking vs_libraries/kiwipete/san_render/turbochess
Benchmarking vs_libraries/kiwipete/san_render/turbochess: Warming up for 1.0000 s
Benchmarking vs_libraries/kiwipete/san_render/turbochess: Collecting 10 samples in estimated 1.0001 s (299k iterations)
Benchmarking vs_libraries/kiwipete/san_render/turbochess: Analyzing
vs_libraries/kiwipete/san_render/turbochess
                        time:   [3.3446 µs 3.4856 µs 3.7112 µs]
                        thrpt:  [549.42 Melem/s 584.98 Melem/s 609.64 Melem/s]
                 change:
                        time:   [-54.047% -51.956% -48.764%] (p = 0.00 < 0.05)
                        thrpt:  [+95.176% +108.14% +117.61%]
                        Performance has improved.
Found 1 outliers among 10 measurements (10.00%)
  1 (10.00%) high severe
Benchmarking vs_libraries/kiwipete/san_render/shakmaty
Benchmarking vs_libraries/kiwipete/san_render/shakmaty: Warming up for 1.0000 s
Benchmarking vs_libraries/kiwipete/san_render/shakmaty: Collecting 10 samples in estimated 1.0000 s (106k iterations)
Benchmarking vs_libraries/kiwipete/san_render/shakmaty: Analyzing
vs_libraries/kiwipete/san_render/shakmaty
                        time:   [9.2157 µs 9.3124 µs 9.4220 µs]
                        thrpt:  [216.41 Melem/s 218.96 Melem/s 221.25 Melem/s]
                 change:
                        time:   [+0.9010% +1.4822% +2.2479%] (p = 0.00 < 0.05)
                        thrpt:  [-2.1984% -1.4605% -0.8930%]
                        Change within noise threshold.
Found 1 outliers among 10 measurements (10.00%)
  1 (10.00%) high severe
Benchmarking vs_libraries/kiwipete/zobrist_scratch/turbochess
Benchmarking vs_libraries/kiwipete/zobrist_scratch/turbochess: Warming up for 1.0000 s
Benchmarking vs_libraries/kiwipete/zobrist_scratch/turbochess: Collecting 10 samples in estimated 1.0000 s (60M iterations)
Benchmarking vs_libraries/kiwipete/zobrist_scratch/turbochess: Analyzing
vs_libraries/kiwipete/zobrist_scratch/turbochess
                        time:   [16.216 ns 16.253 ns 16.319 ns]
                        thrpt:  [124.95 Gelem/s 125.46 Gelem/s 125.74 Gelem/s]
                 change:
                        time:   [+1.7112% +2.3244% +3.0296%] (p = 0.00 < 0.05)
                        thrpt:  [-2.9405% -2.2716% -1.6824%]
                        Performance has regressed.
Found 2 outliers among 10 measurements (20.00%)
  1 (10.00%) high mild
  1 (10.00%) high severe
Benchmarking vs_libraries/kiwipete/zobrist_scratch/shakmaty
Benchmarking vs_libraries/kiwipete/zobrist_scratch/shakmaty: Warming up for 1.0000 s
Benchmarking vs_libraries/kiwipete/zobrist_scratch/shakmaty: Collecting 10 samples in estimated 1.0000 s (56M iterations)
Benchmarking vs_libraries/kiwipete/zobrist_scratch/shakmaty: Analyzing
vs_libraries/kiwipete/zobrist_scratch/shakmaty
                        time:   [17.673 ns 17.740 ns 17.850 ns]
                        thrpt:  [114.23 Gelem/s 114.94 Gelem/s 115.38 Gelem/s]
                 change:
                        time:   [+0.2123% +0.7014% +1.2055%] (p = 0.01 < 0.05)
                        thrpt:  [-1.1911% -0.6965% -0.2118%]
                        Change within noise threshold.
Benchmarking vs_libraries/kiwipete/zobrist_incremental/turbochess
Benchmarking vs_libraries/kiwipete/zobrist_incremental/turbochess: Warming up for 1.0000 s
Benchmarking vs_libraries/kiwipete/zobrist_incremental/turbochess: Collecting 10 samples in estimated 1.0001 s (900k iterations)
Benchmarking vs_libraries/kiwipete/zobrist_incremental/turbochess: Analyzing
vs_libraries/kiwipete/zobrist_incremental/turbochess
                        time:   [1.1050 µs 1.1319 µs 1.1581 µs]
                        thrpt:  [1.7607 Gelem/s 1.8014 Gelem/s 1.8453 Gelem/s]
                 change:
                        time:   [+56.348% +58.466% +61.036%] (p = 0.00 < 0.05)
                        thrpt:  [-37.902% -36.895% -36.040%]
                        Performance has regressed.
Found 1 outliers among 10 measurements (10.00%)
  1 (10.00%) high mild
Benchmarking vs_libraries/kiwipete/zobrist_incremental/shakmaty
Benchmarking vs_libraries/kiwipete/zobrist_incremental/shakmaty: Warming up for 1.0000 s
Benchmarking vs_libraries/kiwipete/zobrist_incremental/shakmaty: Collecting 10 samples in estimated 1.0001 s (339k iterations)
Benchmarking vs_libraries/kiwipete/zobrist_incremental/shakmaty: Analyzing
vs_libraries/kiwipete/zobrist_incremental/shakmaty
                        time:   [2.9363 µs 2.9606 µs 3.0209 µs]
                        thrpt:  [674.97 Melem/s 688.72 Melem/s 694.41 Melem/s]
                 change:
                        time:   [+1.5907% +3.3055% +6.3183%] (p = 0.01 < 0.05)
                        thrpt:  [-5.9428% -3.1998% -1.5658%]
                        Performance has regressed.
Found 2 outliers among 10 measurements (20.00%)
  1 (10.00%) high mild
  1 (10.00%) high severe
Benchmarking vs_libraries/kiwipete/zobrist_incremental/cozy-chess
Benchmarking vs_libraries/kiwipete/zobrist_incremental/cozy-chess: Warming up for 1.0000 s
Benchmarking vs_libraries/kiwipete/zobrist_incremental/cozy-chess: Collecting 10 samples in estimated 1.0000 s (1.2M iterations)
Benchmarking vs_libraries/kiwipete/zobrist_incremental/cozy-chess: Analyzing
vs_libraries/kiwipete/zobrist_incremental/cozy-chess
                        time:   [755.22 ns 758.90 ns 764.48 ns]
                        thrpt:  [2.6672 Gelem/s 2.6868 Gelem/s 2.6999 Gelem/s]
                 change:
                        time:   [+1.6263% +2.0865% +2.5049%] (p = 0.00 < 0.05)
                        thrpt:  [-2.4437% -2.0438% -1.6003%]
                        Performance has regressed.

Benchmarking vs_libraries/960-284/legal_moves/turbochess
Benchmarking vs_libraries/960-284/legal_moves/turbochess: Warming up for 1.0000 s
Benchmarking vs_libraries/960-284/legal_moves/turbochess: Collecting 10 samples in estimated 1.0000 s (11M iterations)
Benchmarking vs_libraries/960-284/legal_moves/turbochess: Analyzing
vs_libraries/960-284/legal_moves/turbochess
                        time:   [92.299 ns 94.461 ns 96.673 ns]
                        thrpt:  [206.88 Melem/s 211.73 Melem/s 216.69 Melem/s]
                 change:
                        time:   [+11.354% +12.809% +15.282%] (p = 0.00 < 0.05)
                        thrpt:  [-13.256% -11.355% -10.196%]
                        Performance has regressed.
Found 2 outliers among 10 measurements (20.00%)
  2 (20.00%) high severe
Benchmarking vs_libraries/960-284/legal_moves/shakmaty
Benchmarking vs_libraries/960-284/legal_moves/shakmaty: Warming up for 1.0000 s
Benchmarking vs_libraries/960-284/legal_moves/shakmaty: Collecting 10 samples in estimated 1.0000 s (15M iterations)
Benchmarking vs_libraries/960-284/legal_moves/shakmaty: Analyzing
vs_libraries/960-284/legal_moves/shakmaty
                        time:   [66.326 ns 67.232 ns 69.767 ns]
                        thrpt:  [286.67 Melem/s 297.48 Melem/s 301.54 Melem/s]
                 change:
                        time:   [-5.1325% -2.8381% +0.8784%] (p = 0.12 > 0.05)
                        thrpt:  [-0.8707% +2.9210% +5.4102%]
                        No change in performance detected.
Found 2 outliers among 10 measurements (20.00%)
  1 (10.00%) high mild
  1 (10.00%) high severe
Benchmarking vs_libraries/960-284/legal_moves/cozy-chess
Benchmarking vs_libraries/960-284/legal_moves/cozy-chess: Warming up for 1.0000 s
Benchmarking vs_libraries/960-284/legal_moves/cozy-chess: Collecting 10 samples in estimated 1.0000 s (4.6M iterations)
Benchmarking vs_libraries/960-284/legal_moves/cozy-chess: Analyzing
vs_libraries/960-284/legal_moves/cozy-chess
                        time:   [211.33 ns 212.52 ns 214.57 ns]
                        thrpt:  [93.212 Melem/s 94.110 Melem/s 94.638 Melem/s]
                 change:
                        time:   [+16.953% +17.744% +18.647%] (p = 0.00 < 0.05)
                        thrpt:  [-15.716% -15.070% -14.495%]
                        Performance has regressed.
Found 1 outliers among 10 measurements (10.00%)
  1 (10.00%) high mild
Benchmarking vs_libraries/960-284/perft_d3_bulk/turbochess
Benchmarking vs_libraries/960-284/perft_d3_bulk/turbochess: Warming up for 1.0000 s
Benchmarking vs_libraries/960-284/perft_d3_bulk/turbochess: Collecting 10 samples in estimated 1.0017 s (18k iterations)
Benchmarking vs_libraries/960-284/perft_d3_bulk/turbochess: Analyzing
vs_libraries/960-284/perft_d3_bulk/turbochess
                        time:   [56.447 µs 57.129 µs 58.816 µs]
                        thrpt:  [152.17 Melem/s 156.66 Melem/s 158.56 Melem/s]
                 change:
                        time:   [+22.217% +23.832% +27.381%] (p = 0.00 < 0.05)
                        thrpt:  [-21.495% -19.246% -18.178%]
                        Performance has regressed.
Found 2 outliers among 10 measurements (20.00%)
  1 (10.00%) high mild
  1 (10.00%) high severe
Benchmarking vs_libraries/960-284/perft_d3_bulk/shakmaty
Benchmarking vs_libraries/960-284/perft_d3_bulk/shakmaty: Warming up for 1.0000 s
Benchmarking vs_libraries/960-284/perft_d3_bulk/shakmaty: Collecting 10 samples in estimated 1.0001 s (17k iterations)
Benchmarking vs_libraries/960-284/perft_d3_bulk/shakmaty: Analyzing
vs_libraries/960-284/perft_d3_bulk/shakmaty
                        time:   [55.224 µs 58.753 µs 67.255 µs]
                        thrpt:  [133.08 Melem/s 152.33 Melem/s 162.07 Melem/s]
                 change:
                        time:   [+2.0339% +11.546% +26.486%] (p = 0.09 > 0.05)
                        thrpt:  [-20.940% -10.351% -1.9934%]
                        No change in performance detected.
Found 2 outliers among 10 measurements (20.00%)
  2 (20.00%) high severe
Benchmarking vs_libraries/960-284/perft_d3_bulk/cozy-chess
Benchmarking vs_libraries/960-284/perft_d3_bulk/cozy-chess: Warming up for 1.0000 s
Benchmarking vs_libraries/960-284/perft_d3_bulk/cozy-chess: Collecting 10 samples in estimated 1.0049 s (9405 iterations)
Benchmarking vs_libraries/960-284/perft_d3_bulk/cozy-chess: Analyzing
vs_libraries/960-284/perft_d3_bulk/cozy-chess
                        time:   [104.44 µs 105.92 µs 108.16 µs]
                        thrpt:  [82.747 Melem/s 84.500 Melem/s 85.699 Melem/s]
                 change:
                        time:   [+11.535% +13.080% +15.147%] (p = 0.00 < 0.05)
                        thrpt:  [-13.155% -11.567% -10.342%]
                        Performance has regressed.
Found 1 outliers among 10 measurements (10.00%)
  1 (10.00%) high severe
Benchmarking vs_libraries/960-284/perft_d2_nonbulk/turbochess
Benchmarking vs_libraries/960-284/perft_d2_nonbulk/turbochess: Warming up for 1.0000 s
Benchmarking vs_libraries/960-284/perft_d2_nonbulk/turbochess: Collecting 10 samples in estimated 1.0005 s (92k iterations)
Benchmarking vs_libraries/960-284/perft_d2_nonbulk/turbochess: Analyzing
vs_libraries/960-284/perft_d2_nonbulk/turbochess
                        time:   [10.823 µs 10.832 µs 10.845 µs]
                        thrpt:  [36.884 Melem/s 36.928 Melem/s 36.960 Melem/s]
                 change:
                        time:   [+46.014% +46.386% +46.700%] (p = 0.00 < 0.05)
                        thrpt:  [-31.834% -31.687% -31.514%]
                        Performance has regressed.
Benchmarking vs_libraries/960-284/perft_d2_nonbulk/shakmaty
Benchmarking vs_libraries/960-284/perft_d2_nonbulk/shakmaty: Warming up for 1.0000 s
Benchmarking vs_libraries/960-284/perft_d2_nonbulk/shakmaty: Collecting 10 samples in estimated 1.0007 s (48k iterations)
Benchmarking vs_libraries/960-284/perft_d2_nonbulk/shakmaty: Analyzing
vs_libraries/960-284/perft_d2_nonbulk/shakmaty
                        time:   [20.603 µs 20.678 µs 20.769 µs]
                        thrpt:  [19.260 Melem/s 19.344 Melem/s 19.415 Melem/s]
                 change:
                        time:   [-0.0373% +0.3616% +0.7776%] (p = 0.12 > 0.05)
                        thrpt:  [-0.7716% -0.3603% +0.0373%]
                        No change in performance detected.
Benchmarking vs_libraries/960-284/perft_d2_nonbulk/cozy-chess
Benchmarking vs_libraries/960-284/perft_d2_nonbulk/cozy-chess: Warming up for 1.0000 s
Benchmarking vs_libraries/960-284/perft_d2_nonbulk/cozy-chess: Collecting 10 samples in estimated 1.0005 s (87k iterations)
Benchmarking vs_libraries/960-284/perft_d2_nonbulk/cozy-chess: Analyzing
vs_libraries/960-284/perft_d2_nonbulk/cozy-chess
                        time:   [13.904 µs 14.098 µs 14.515 µs]
                        thrpt:  [27.557 Melem/s 28.372 Melem/s 28.768 Melem/s]
                 change:
                        time:   [+26.911% +28.818% +31.385%] (p = 0.00 < 0.05)
                        thrpt:  [-23.888% -22.371% -21.205%]
                        Performance has regressed.
Found 3 outliers among 10 measurements (30.00%)
  1 (10.00%) low mild
  1 (10.00%) high mild
  1 (10.00%) high severe
Benchmarking vs_libraries/960-284/board_copy/turbochess
Benchmarking vs_libraries/960-284/board_copy/turbochess: Warming up for 1.0000 s
Benchmarking vs_libraries/960-284/board_copy/turbochess: Collecting 10 samples in estimated 1.0000 s (4.9M iterations)
Benchmarking vs_libraries/960-284/board_copy/turbochess: Analyzing
vs_libraries/960-284/board_copy/turbochess
                        time:   [197.98 ns 198.79 ns 199.46 ns]
                        thrpt:  [2.0055 Gelem/s 2.0122 Gelem/s 2.0204 Gelem/s]
                 change:
                        time:   [-54.451% -54.288% -54.106%] (p = 0.00 < 0.05)
                        thrpt:  [+117.89% +118.76% +119.54%]
                        Performance has improved.
Benchmarking vs_libraries/960-284/board_copy/shakmaty
Benchmarking vs_libraries/960-284/board_copy/shakmaty: Warming up for 1.0000 s
Benchmarking vs_libraries/960-284/board_copy/shakmaty: Collecting 10 samples in estimated 1.0000 s (4.8M iterations)
Benchmarking vs_libraries/960-284/board_copy/shakmaty: Analyzing
vs_libraries/960-284/board_copy/shakmaty
                        time:   [203.37 ns 207.70 ns 215.07 ns]
                        thrpt:  [1.8598 Gelem/s 1.9259 Gelem/s 1.9668 Gelem/s]
                 change:
                        time:   [+1.0162% +2.1511% +4.1285%] (p = 0.02 < 0.05)
                        thrpt:  [-3.9648% -2.1058% -1.0059%]
                        Performance has regressed.
Found 1 outliers among 10 measurements (10.00%)
  1 (10.00%) high severe
Benchmarking vs_libraries/960-284/board_copy/cozy-chess
Benchmarking vs_libraries/960-284/board_copy/cozy-chess: Warming up for 1.0000 s
Benchmarking vs_libraries/960-284/board_copy/cozy-chess: Collecting 10 samples in estimated 1.0000 s (4.4M iterations)
Benchmarking vs_libraries/960-284/board_copy/cozy-chess: Analyzing
vs_libraries/960-284/board_copy/cozy-chess
                        time:   [226.08 ns 227.62 ns 229.96 ns]
                        thrpt:  [1.7394 Gelem/s 1.7573 Gelem/s 1.7693 Gelem/s]
                 change:
                        time:   [-1.4092% -0.0266% +1.3742%] (p = 0.97 > 0.05)
                        thrpt:  [-1.3556% +0.0267% +1.4293%]
                        No change in performance detected.
Benchmarking vs_libraries/960-284/make_move/turbochess
Benchmarking vs_libraries/960-284/make_move/turbochess: Warming up for 1.0000 s
Benchmarking vs_libraries/960-284/make_move/turbochess: Collecting 10 samples in estimated 1.0000 s (2.3M iterations)
Benchmarking vs_libraries/960-284/make_move/turbochess: Analyzing
vs_libraries/960-284/make_move/turbochess
                        time:   [423.57 ns 429.70 ns 438.95 ns]
                        thrpt:  [911.27 Melem/s 930.88 Melem/s 944.36 Melem/s]
                 change:
                        time:   [+75.140% +77.571% +80.276%] (p = 0.00 < 0.05)
                        thrpt:  [-44.530% -43.685% -42.903%]
                        Performance has regressed.
Benchmarking vs_libraries/960-284/make_move/shakmaty
Benchmarking vs_libraries/960-284/make_move/shakmaty: Warming up for 1.0000 s
Benchmarking vs_libraries/960-284/make_move/shakmaty: Collecting 10 samples in estimated 1.0000 s (1.2M iterations)
Benchmarking vs_libraries/960-284/make_move/shakmaty: Analyzing
vs_libraries/960-284/make_move/shakmaty
                        time:   [829.55 ns 835.27 ns 838.71 ns]
                        thrpt:  [476.92 Melem/s 478.89 Melem/s 482.19 Melem/s]
                 change:
                        time:   [+0.3778% +1.1393% +1.9294%] (p = 0.01 < 0.05)
                        thrpt:  [-1.8929% -1.1265% -0.3764%]
                        Change within noise threshold.
Benchmarking vs_libraries/960-284/make_move/cozy-chess
Benchmarking vs_libraries/960-284/make_move/cozy-chess: Warming up for 1.0000 s
Benchmarking vs_libraries/960-284/make_move/cozy-chess: Collecting 10 samples in estimated 1.0000 s (3.0M iterations)
Benchmarking vs_libraries/960-284/make_move/cozy-chess: Analyzing
vs_libraries/960-284/make_move/cozy-chess
                        time:   [329.70 ns 331.25 ns 332.87 ns]
                        thrpt:  [1.2017 Gelem/s 1.2075 Gelem/s 1.2132 Gelem/s]
                 change:
                        time:   [+1.5144% +1.9642% +2.3848%] (p = 0.00 < 0.05)
                        thrpt:  [-2.3292% -1.9264% -1.4918%]
                        Performance has regressed.
Benchmarking vs_libraries/960-284/fen_parse/turbochess
Benchmarking vs_libraries/960-284/fen_parse/turbochess: Warming up for 1.0000 s
Benchmarking vs_libraries/960-284/fen_parse/turbochess: Collecting 10 samples in estimated 1.0000 s (2.5M iterations)
Benchmarking vs_libraries/960-284/fen_parse/turbochess: Analyzing
vs_libraries/960-284/fen_parse/turbochess
                        time:   [398.20 ns 404.70 ns 420.80 ns]
                        thrpt:  [950.57 Melem/s 988.40 Melem/s 1.0045 Gelem/s]
                 change:
                        time:   [+7.4413% +9.5845% +12.837%] (p = 0.00 < 0.05)
                        thrpt:  [-11.376% -8.7462% -6.9259%]
                        Performance has regressed.
Found 1 outliers among 10 measurements (10.00%)
  1 (10.00%) high severe
Benchmarking vs_libraries/960-284/fen_parse/shakmaty
Benchmarking vs_libraries/960-284/fen_parse/shakmaty: Warming up for 1.0000 s
Benchmarking vs_libraries/960-284/fen_parse/shakmaty: Collecting 10 samples in estimated 1.0000 s (5.1M iterations)
Benchmarking vs_libraries/960-284/fen_parse/shakmaty: Analyzing
vs_libraries/960-284/fen_parse/shakmaty
                        time:   [192.01 ns 193.07 ns 194.68 ns]
                        thrpt:  [2.0546 Gelem/s 2.0718 Gelem/s 2.0832 Gelem/s]
                 change:
                        time:   [-2.2221% -1.2027% +0.2185%] (p = 0.09 > 0.05)
                        thrpt:  [-0.2180% +1.2174% +2.2726%]
                        No change in performance detected.
Found 1 outliers among 10 measurements (10.00%)
  1 (10.00%) high severe
Benchmarking vs_libraries/960-284/fen_parse/cozy-chess
Benchmarking vs_libraries/960-284/fen_parse/cozy-chess: Warming up for 1.0000 s
Benchmarking vs_libraries/960-284/fen_parse/cozy-chess: Collecting 10 samples in estimated 1.0000 s (3.6M iterations)
Benchmarking vs_libraries/960-284/fen_parse/cozy-chess: Analyzing
vs_libraries/960-284/fen_parse/cozy-chess
                        time:   [271.95 ns 273.42 ns 274.61 ns]
                        thrpt:  [1.4566 Gelem/s 1.4629 Gelem/s 1.4709 Gelem/s]
                 change:
                        time:   [+5.0836% +5.5047% +5.9192%] (p = 0.00 < 0.05)
                        thrpt:  [-5.5884% -5.2175% -4.8376%]
                        Performance has regressed.
Found 2 outliers among 10 measurements (20.00%)
  2 (20.00%) low mild
Benchmarking vs_libraries/960-284/fen_format/turbochess
Benchmarking vs_libraries/960-284/fen_format/turbochess: Warming up for 1.0000 s
Benchmarking vs_libraries/960-284/fen_format/turbochess: Collecting 10 samples in estimated 1.0000 s (10M iterations)
Benchmarking vs_libraries/960-284/fen_format/turbochess: Analyzing
vs_libraries/960-284/fen_format/turbochess
                        time:   [98.426 ns 100.10 ns 103.86 ns]
                        thrpt:  [3.8512 Gelem/s 3.9960 Gelem/s 4.0640 Gelem/s]
                 change:
                        time:   [-31.315% -30.079% -27.790%] (p = 0.00 < 0.05)
                        thrpt:  [+38.485% +43.018% +45.592%]
                        Performance has improved.
Found 2 outliers among 10 measurements (20.00%)
  1 (10.00%) high mild
  1 (10.00%) high severe
Benchmarking vs_libraries/960-284/fen_format/shakmaty
Benchmarking vs_libraries/960-284/fen_format/shakmaty: Warming up for 1.0000 s
Benchmarking vs_libraries/960-284/fen_format/shakmaty: Collecting 10 samples in estimated 1.0000 s (3.4M iterations)
Benchmarking vs_libraries/960-284/fen_format/shakmaty: Analyzing
vs_libraries/960-284/fen_format/shakmaty
                        time:   [292.13 ns 294.57 ns 297.07 ns]
                        thrpt:  [1.3465 Gelem/s 1.3579 Gelem/s 1.3692 Gelem/s]
                 change:
                        time:   [+9.0818% +9.7714% +10.452%] (p = 0.00 < 0.05)
                        thrpt:  [-9.4633% -8.9016% -8.3257%]
                        Performance has regressed.
Benchmarking vs_libraries/960-284/san_parse/turbochess
Benchmarking vs_libraries/960-284/san_parse/turbochess: Warming up for 1.0000 s
Benchmarking vs_libraries/960-284/san_parse/turbochess: Collecting 10 samples in estimated 1.0002 s (298k iterations)
Benchmarking vs_libraries/960-284/san_parse/turbochess: Analyzing
vs_libraries/960-284/san_parse/turbochess
                        time:   [3.3160 µs 3.3287 µs 3.3468 µs]
                        thrpt:  [119.52 Melem/s 120.17 Melem/s 120.63 Melem/s]
                 change:
                        time:   [+19.282% +20.192% +20.992%] (p = 0.00 < 0.05)
                        thrpt:  [-17.350% -16.800% -16.165%]
                        Performance has regressed.
Benchmarking vs_libraries/960-284/san_parse/shakmaty
Benchmarking vs_libraries/960-284/san_parse/shakmaty: Warming up for 1.0000 s
Benchmarking vs_libraries/960-284/san_parse/shakmaty: Collecting 10 samples in estimated 1.0000 s (1.3M iterations)
Benchmarking vs_libraries/960-284/san_parse/shakmaty: Analyzing
vs_libraries/960-284/san_parse/shakmaty
                        time:   [754.58 ns 763.46 ns 783.58 ns]
                        thrpt:  [510.47 Melem/s 523.93 Melem/s 530.10 Melem/s]
                 change:
                        time:   [-3.9117% -2.5918% -0.3400%] (p = 0.02 < 0.05)
                        thrpt:  [+0.3412% +2.6608% +4.0709%]
                        Change within noise threshold.
Found 1 outliers among 10 measurements (10.00%)
  1 (10.00%) high severe
Benchmarking vs_libraries/960-284/san_render/turbochess
Benchmarking vs_libraries/960-284/san_render/turbochess: Warming up for 1.0000 s
Benchmarking vs_libraries/960-284/san_render/turbochess: Collecting 10 samples in estimated 1.0000 s (798k iterations)
Benchmarking vs_libraries/960-284/san_render/turbochess: Analyzing
vs_libraries/960-284/san_render/turbochess
                        time:   [1.2345 µs 1.2393 µs 1.2448 µs]
                        thrpt:  [321.35 Melem/s 322.77 Melem/s 324.01 Melem/s]
                 change:
                        time:   [-48.349% -48.082% -47.756%] (p = 0.00 < 0.05)
                        thrpt:  [+91.411% +92.613% +93.608%]
                        Performance has improved.
Found 1 outliers among 10 measurements (10.00%)
  1 (10.00%) high mild
Benchmarking vs_libraries/960-284/san_render/shakmaty
Benchmarking vs_libraries/960-284/san_render/shakmaty: Warming up for 1.0000 s
Benchmarking vs_libraries/960-284/san_render/shakmaty: Collecting 10 samples in estimated 1.0000 s (586k iterations)
Benchmarking vs_libraries/960-284/san_render/shakmaty: Analyzing
vs_libraries/960-284/san_render/shakmaty
                        time:   [1.6886 µs 1.6968 µs 1.7071 µs]
                        thrpt:  [234.31 Melem/s 235.73 Melem/s 236.89 Melem/s]
                 change:
                        time:   [-7.1282% -3.7633% -1.5291%] (p = 0.02 < 0.05)
                        thrpt:  [+1.5529% +3.9104% +7.6753%]
                        Performance has improved.
Found 2 outliers among 10 measurements (20.00%)
  2 (20.00%) high mild
Benchmarking vs_libraries/960-284/zobrist_scratch/turbochess
Benchmarking vs_libraries/960-284/zobrist_scratch/turbochess: Warming up for 1.0000 s
Benchmarking vs_libraries/960-284/zobrist_scratch/turbochess: Collecting 10 samples in estimated 1.0000 s (63M iterations)
Benchmarking vs_libraries/960-284/zobrist_scratch/turbochess: Analyzing
vs_libraries/960-284/zobrist_scratch/turbochess
                        time:   [16.026 ns 16.264 ns 16.531 ns]
                        thrpt:  [24.197 Gelem/s 24.594 Gelem/s 24.959 Gelem/s]
                 change:
                        time:   [-43.946% -28.105% -12.627%] (p = 0.02 < 0.05)
                        thrpt:  [+14.452% +39.091% +78.400%]
                        Performance has improved.
Found 1 outliers among 10 measurements (10.00%)
  1 (10.00%) high severe
Benchmarking vs_libraries/960-284/zobrist_scratch/shakmaty
Benchmarking vs_libraries/960-284/zobrist_scratch/shakmaty: Warming up for 1.0000 s
Benchmarking vs_libraries/960-284/zobrist_scratch/shakmaty: Collecting 10 samples in estimated 1.0000 s (57M iterations)
Benchmarking vs_libraries/960-284/zobrist_scratch/shakmaty: Analyzing
vs_libraries/960-284/zobrist_scratch/shakmaty
                        time:   [17.591 ns 17.751 ns 18.081 ns]
                        thrpt:  [22.123 Gelem/s 22.534 Gelem/s 22.739 Gelem/s]
                 change:
                        time:   [-3.5491% -2.1131% -0.6918%] (p = 0.02 < 0.05)
                        thrpt:  [+0.6967% +2.1587% +3.6797%]
                        Change within noise threshold.
Found 1 outliers among 10 measurements (10.00%)
  1 (10.00%) high severe
Benchmarking vs_libraries/960-284/zobrist_incremental/turbochess
Benchmarking vs_libraries/960-284/zobrist_incremental/turbochess: Warming up for 1.0000 s
Benchmarking vs_libraries/960-284/zobrist_incremental/turbochess: Collecting 10 samples in estimated 1.0000 s (2.4M iterations)
Benchmarking vs_libraries/960-284/zobrist_incremental/turbochess: Analyzing
vs_libraries/960-284/zobrist_incremental/turbochess
                        time:   [411.97 ns 415.32 ns 417.93 ns]
                        thrpt:  [957.10 Melem/s 963.12 Melem/s 970.94 Melem/s]
                 change:
                        time:   [+64.416% +65.778% +67.168%] (p = 0.00 < 0.05)
                        thrpt:  [-40.180% -39.678% -39.179%]
                        Performance has regressed.
Benchmarking vs_libraries/960-284/zobrist_incremental/shakmaty
Benchmarking vs_libraries/960-284/zobrist_incremental/shakmaty: Warming up for 1.0000 s
Benchmarking vs_libraries/960-284/zobrist_incremental/shakmaty: Collecting 10 samples in estimated 1.0000 s (770k iterations)
Benchmarking vs_libraries/960-284/zobrist_incremental/shakmaty: Analyzing
vs_libraries/960-284/zobrist_incremental/shakmaty
                        time:   [1.2830 µs 1.2883 µs 1.2993 µs]
                        thrpt:  [307.86 Melem/s 310.49 Melem/s 311.77 Melem/s]
                 change:
                        time:   [-1.2048% -0.3933% +0.4965%] (p = 0.42 > 0.05)
                        thrpt:  [-0.4940% +0.3948% +1.2194%]
                        No change in performance detected.
Benchmarking vs_libraries/960-284/zobrist_incremental/cozy-chess
Benchmarking vs_libraries/960-284/zobrist_incremental/cozy-chess: Warming up for 1.0000 s
Benchmarking vs_libraries/960-284/zobrist_incremental/cozy-chess: Collecting 10 samples in estimated 1.0000 s (3.1M iterations)
Benchmarking vs_libraries/960-284/zobrist_incremental/cozy-chess: Analyzing
vs_libraries/960-284/zobrist_incremental/cozy-chess
                        time:   [310.33 ns 336.11 ns 362.41 ns]
                        thrpt:  [1.1037 Gelem/s 1.1901 Gelem/s 1.2889 Gelem/s]
                 change:
                        time:   [+1.9103% +6.7882% +14.018%] (p = 0.03 < 0.05)
                        thrpt:  [-12.294% -6.3567% -1.8745%]
                        Performance has regressed.
Found 1 outliers among 10 measurements (10.00%)
  1 (10.00%) high mild

